// Jest Snapshot v1, https://goo.gl/fbAQLP

exports[`Indexer should have named exports in markers 1`] = `
Object {
  "id": "ZnVuY3Rpb25BOi9hLmpz",
  "isDefaultExport": false,
  "kind": "FunctionDeclaration",
  "location": Object {
    "end": Object {
      "column": 1,
      "line": 4,
    },
    "start": Object {
      "column": 7,
      "line": 2,
    },
  },
  "markers": Array [
    Object {
      "filePath": "/b.js",
      "isFromDefaultImport": false,
      "location": Object {
        "end": Object {
          "column": 21,
          "line": 1,
        },
        "start": Object {
          "column": 12,
          "line": 1,
        },
      },
      "name": "functionB",
    },
  ],
  "name": "functionA",
  "path": "/a.js",
}
`;
