// Jest Snapshot v1, https://goo.gl/fbAQLP

exports[`Indexer should have symbols from the file in the marker 1`] = `
Object {
  "id": "ZnVuY3Rpb25BOkQ6XHByb2plY3RzXGluc2lnaHRcc3JjXGluZGV4ZXJcdGVzdHNcaW5kZXhlclxzaG91bGQtaW5jbHVkZS1zeW1ib2xzLWZyb20tZmlsZS1pbi1tYXJrZXJzXHByb2plY3RcYS5qcw==",
  "kind": "FunctionDeclaration",
  "location": SourceLocation {
    "end": Position {
      "column": 1,
      "line": 4,
    },
    "start": Position {
      "column": 7,
      "line": 2,
    },
  },
  "markers": Array [
    Object {
      "filePath": "/a.js",
      "location": Object {
        "end": Object {
          "column": 21,
          "line": 1,
        },
        "start": Object {
          "column": 12,
          "line": 1,
        },
      },
      "name": "functionB",
    },
  ],
  "name": "functionA",
  "path": "/a.js",
}
`;
